======================================================================
🚀 NATS BATCH Publisher - Complete Batches
======================================================================
📦 Total batches to publish: 150
👥 Customers per batch: 6-8 (random)
⏱️  Interval: 3 seconds per batch
⏳ Estimated time: ~7.5 minutes
📊 Expected total customers: ~1050
======================================================================

✅ Connected to NATS server at nats://localhost:4222
📡 Starting to publish COMPLETE batches...
⏱️  Publishing 1 batch (6-8 customers) every 3 seconds

[1/150] 📦 Published BATCH: BATCH-CL-0001
   Category: carLoans
   Customers: 7
   Agreed: 4 (57%)
   Users: CL-001-01, CL-001-02, CL-001-03...

[2/150] 📦 Published BATCH: BATCH-OT-0002
   Category: others
   Customers: 8
   Agreed: 5 (62%)
   Users: OT-002-01, OT-002-02, OT-002-03...

[3/150] 📦 Published BATCH: BATCH-MF-0003
   Category: mutualFunds
   Customers: 8
   Agreed: 5 (62%)
   Users: MF-003-01, MF-003-02, MF-003-03...

[4/150] 📦 Published BATCH: BATCH-CL-0004
   Category: carLoans
   Customers: 7
   Agreed: 5 (71%)
   Users: CL-004-01, CL-004-02, CL-004-03...

[5/150] 📦 Published BATCH: BATCH-OT-0005
   Category: others
   Customers: 6
   Agreed: 4 (66%)
   Users: OT-005-01, OT-005-02, OT-005-03...

[6/150] 📦 Published BATCH: BATCH-OT-0006
   Category: others
   Customers: 8
   Agreed: 5 (62%)
   Users: OT-006-01, OT-006-02, OT-006-03...

[7/150] 📦 Published BATCH: BATCH-OT-0007
   Category: others
   Customers: 8
   Agreed: 2 (25%)
   Users: OT-007-01, OT-007-02, OT-007-03...

[8/150] 📦 Published BATCH: BATCH-NF-0008
   Category: nifty
   Customers: 6
   Agreed: 4 (66%)
   Users: NF-008-01, NF-008-02, NF-008-03...

[9/150] 📦 Published BATCH: BATCH-CL-0009
   Category: carLoans
   Customers: 8
   Agreed: 4 (50%)
   Users: CL-009-01, CL-009-02, CL-009-03...

[10/150] 📦 Published BATCH: BATCH-CL-0010
   Category: carLoans
   Customers: 7
   Agreed: 1 (14%)
   Users: CL-010-01, CL-010-02, CL-010-03...

[11/150] 📦 Published BATCH: BATCH-OT-0011
   Category: others
   Customers: 8
   Agreed: 5 (62%)
   Users: OT-011-01, OT-011-02, OT-011-03...

[12/150] 📦 Published BATCH: BATCH-NF-0012
   Category: nifty
   Customers: 7
   Agreed: 6 (85%)
   Users: NF-012-01, NF-012-02, NF-012-03...

[13/150] 📦 Published BATCH: BATCH-NF-0013
   Category: nifty
   Customers: 8
   Agreed: 7 (87%)
   Users: NF-013-01, NF-013-02, NF-013-03...

[14/150] 📦 Published BATCH: BATCH-OT-0014
   Category: others
   Customers: 8
   Agreed: 4 (50%)
   Users: OT-014-01, OT-014-02, OT-014-03...

[15/150] 📦 Published BATCH: BATCH-NF-0015
   Category: nifty
   Customers: 6
   Agreed: 5 (83%)
   Users: NF-015-01, NF-015-02, NF-015-03...

[16/150] 📦 Published BATCH: BATCH-CL-0016
   Category: carLoans
   Customers: 8
   Agreed: 3 (37%)
   Users: CL-016-01, CL-016-02, CL-016-03...

[17/150] 📦 Published BATCH: BATCH-MF-0017
   Category: mutualFunds
   Customers: 6
   Agreed: 1 (16%)
   Users: MF-017-01, MF-017-02, MF-017-03...

[18/150] 📦 Published BATCH: BATCH-MF-0018
   Category: mutualFunds
   Customers: 8
   Agreed: 8 (100%)
   Users: MF-018-01, MF-018-02, MF-018-03...

[19/150] 📦 Published BATCH: BATCH-CL-0019
   Category: carLoans
   Customers: 8
   Agreed: 5 (62%)
   Users: CL-019-01, CL-019-02, CL-019-03...

[20/150] 📦 Published BATCH: BATCH-OT-0020
   Category: others
   Customers: 6
   Agreed: 4 (66%)
   Users: OT-020-01, OT-020-02, OT-020-03...

[21/150] 📦 Published BATCH: BATCH-MF-0021
   Category: mutualFunds
   Customers: 7
   Agreed: 3 (42%)
   Users: MF-021-01, MF-021-02, MF-021-03...

[22/150] 📦 Published BATCH: BATCH-NF-0022
   Category: nifty
   Customers: 8
   Agreed: 5 (62%)
   Users: NF-022-01, NF-022-02, NF-022-03...

[23/150] 📦 Published BATCH: BATCH-OT-0023
   Category: others
   Customers: 7
   Agreed: 4 (57%)
   Users: OT-023-01, OT-023-02, OT-023-03...

[24/150] 📦 Published BATCH: BATCH-NF-0024
   Category: nifty
   Customers: 8
   Agreed: 4 (50%)
   Users: NF-024-01, NF-024-02, NF-024-03...

[25/150] 📦 Published BATCH: BATCH-OT-0025
   Category: others
   Customers: 6
   Agreed: 4 (66%)
   Users: OT-025-01, OT-025-02, OT-025-03...

🎯 Milestone: 25 batches published!

[26/150] 📦 Published BATCH: BATCH-CL-0026
   Category: carLoans
   Customers: 7
   Agreed: 4 (57%)
   Users: CL-026-01, CL-026-02, CL-026-03...

[27/150] 📦 Published BATCH: BATCH-MF-0027
   Category: mutualFunds
   Customers: 8
   Agreed: 4 (50%)
   Users: MF-027-01, MF-027-02, MF-027-03...

[28/150] 📦 Published BATCH: BATCH-CL-0028
   Category: carLoans
   Customers: 7
   Agreed: 3 (42%)
   Users: CL-028-01, CL-028-02, CL-028-03...

[29/150] 📦 Published BATCH: BATCH-OT-0029
   Category: others
   Customers: 7
   Agreed: 3 (42%)
   Users: OT-029-01, OT-029-02, OT-029-03...

[30/150] 📦 Published BATCH: BATCH-NF-0030
   Category: nifty
   Customers: 6
   Agreed: 5 (83%)
   Users: NF-030-01, NF-030-02, NF-030-03...

[31/150] 📦 Published BATCH: BATCH-MF-0031
   Category: mutualFunds
   Customers: 6
   Agreed: 3 (50%)
   Users: MF-031-01, MF-031-02, MF-031-03...

[32/150] 📦 Published BATCH: BATCH-OT-0032
   Category: others
   Customers: 8
   Agreed: 8 (100%)
   Users: OT-032-01, OT-032-02, OT-032-03...

[33/150] 📦 Published BATCH: BATCH-NF-0033
   Category: nifty
   Customers: 8
   Agreed: 6 (75%)
   Users: NF-033-01, NF-033-02, NF-033-03...

[34/150] 📦 Published BATCH: BATCH-OT-0034
   Category: others
   Customers: 7
   Agreed: 4 (57%)
   Users: OT-034-01, OT-034-02, OT-034-03...

[35/150] 📦 Published BATCH: BATCH-MF-0035
   Category: mutualFunds
   Customers: 7
   Agreed: 2 (28%)
   Users: MF-035-01, MF-035-02, MF-035-03...

[36/150] 📦 Published BATCH: BATCH-OT-0036
   Category: others
   Customers: 6
   Agreed: 5 (83%)
   Users: OT-036-01, OT-036-02, OT-036-03...

[37/150] 📦 Published BATCH: BATCH-CL-0037
   Category: carLoans
   Customers: 8
   Agreed: 5 (62%)
   Users: CL-037-01, CL-037-02, CL-037-03...

[38/150] 📦 Published BATCH: BATCH-NF-0038
   Category: nifty
   Customers: 7
   Agreed: 5 (71%)
   Users: NF-038-01, NF-038-02, NF-038-03...

[39/150] 📦 Published BATCH: BATCH-OT-0039
   Category: others
   Customers: 7
   Agreed: 4 (57%)
   Users: OT-039-01, OT-039-02, OT-039-03...

[40/150] 📦 Published BATCH: BATCH-MF-0040
   Category: mutualFunds
   Customers: 8
   Agreed: 5 (62%)
   Users: MF-040-01, MF-040-02, MF-040-03...

[41/150] 📦 Published BATCH: BATCH-CL-0041
   Category: carLoans
   Customers: 7
   Agreed: 6 (85%)
   Users: CL-041-01, CL-041-02, CL-041-03...

[42/150] 📦 Published BATCH: BATCH-NF-0042
   Category: nifty
   Customers: 8
   Agreed: 5 (62%)
   Users: NF-042-01, NF-042-02, NF-042-03...

[43/150] 📦 Published BATCH: BATCH-CL-0043
   Category: carLoans
   Customers: 8
   Agreed: 5 (62%)
   Users: CL-043-01, CL-043-02, CL-043-03...

[44/150] 📦 Published BATCH: BATCH-OT-0044
   Category: others
   Customers: 7
   Agreed: 4 (57%)
   Users: OT-044-01, OT-044-02, OT-044-03...

[45/150] 📦 Published BATCH: BATCH-NF-0045
   Category: nifty
   Customers: 7
   Agreed: 6 (85%)
   Users: NF-045-01, NF-045-02, NF-045-03...

[46/150] 📦 Published BATCH: BATCH-NF-0046
   Category: nifty
   Customers: 8
   Agreed: 4 (50%)
   Users: NF-046-01, NF-046-02, NF-046-03...

[47/150] 📦 Published BATCH: BATCH-MF-0047
   Category: mutualFunds
   Customers: 6
   Agreed: 2 (33%)
   Users: MF-047-01, MF-047-02, MF-047-03...

[48/150] 📦 Published BATCH: BATCH-OT-0048
   Category: others
   Customers: 8
   Agreed: 5 (62%)
   Users: OT-048-01, OT-048-02, OT-048-03...

[49/150] 📦 Published BATCH: BATCH-NF-0049
   Category: nifty
   Customers: 8
   Agreed: 3 (37%)
   Users: NF-049-01, NF-049-02, NF-049-03...

[50/150] 📦 Published BATCH: BATCH-NF-0050
   Category: nifty
   Customers: 7
   Agreed: 3 (42%)
   Users: NF-050-01, NF-050-02, NF-050-03...

🎯 Milestone: 50 batches published!

[51/150] 📦 Published BATCH: BATCH-CL-0051
   Category: carLoans
   Customers: 6
   Agreed: 4 (66%)
   Users: CL-051-01, CL-051-02, CL-051-03...

[52/150] 📦 Published BATCH: BATCH-CL-0052
   Category: carLoans
   Customers: 7
   Agreed: 3 (42%)
   Users: CL-052-01, CL-052-02, CL-052-03...

[53/150] 📦 Published BATCH: BATCH-NF-0053
   Category: nifty
   Customers: 8
   Agreed: 6 (75%)
   Users: NF-053-01, NF-053-02, NF-053-03...

[54/150] 📦 Published BATCH: BATCH-CL-0054
   Category: carLoans
   Customers: 8
   Agreed: 6 (75%)
   Users: CL-054-01, CL-054-02, CL-054-03...

[55/150] 📦 Published BATCH: BATCH-NF-0055
   Category: nifty
   Customers: 7
   Agreed: 4 (57%)
   Users: NF-055-01, NF-055-02, NF-055-03...

[56/150] 📦 Published BATCH: BATCH-OT-0056
   Category: others
   Customers: 6
   Agreed: 3 (50%)
   Users: OT-056-01, OT-056-02, OT-056-03...

[57/150] 📦 Published BATCH: BATCH-MF-0057
   Category: mutualFunds
   Customers: 8
   Agreed: 4 (50%)
   Users: MF-057-01, MF-057-02, MF-057-03...

[58/150] 📦 Published BATCH: BATCH-MF-0058
   Category: mutualFunds
   Customers: 7
   Agreed: 3 (42%)
   Users: MF-058-01, MF-058-02, MF-058-03...

[59/150] 📦 Published BATCH: BATCH-NF-0059
   Category: nifty
   Customers: 6
   Agreed: 5 (83%)
   Users: NF-059-01, NF-059-02, NF-059-03...

[60/150] 📦 Published BATCH: BATCH-NF-0060
   Category: nifty
   Customers: 8
   Agreed: 5 (62%)
   Users: NF-060-01, NF-060-02, NF-060-03...

[61/150] 📦 Published BATCH: BATCH-MF-0061
   Category: mutualFunds
   Customers: 7
   Agreed: 3 (42%)
   Users: MF-061-01, MF-061-02, MF-061-03...

[62/150] 📦 Published BATCH: BATCH-CL-0062
   Category: carLoans
   Customers: 6
   Agreed: 4 (66%)
   Users: CL-062-01, CL-062-02, CL-062-03...

[63/150] 📦 Published BATCH: BATCH-OT-0063
   Category: others
   Customers: 7
   Agreed: 4 (57%)
   Users: OT-063-01, OT-063-02, OT-063-03...

[64/150] 📦 Published BATCH: BATCH-NF-0064
   Category: nifty
   Customers: 6
   Agreed: 3 (50%)
   Users: NF-064-01, NF-064-02, NF-064-03...

[65/150] 📦 Published BATCH: BATCH-CL-0065
   Category: carLoans
   Customers: 6
   Agreed: 4 (66%)
   Users: CL-065-01, CL-065-02, CL-065-03...

[66/150] 📦 Published BATCH: BATCH-OT-0066
   Category: others
   Customers: 8
   Agreed: 6 (75%)
   Users: OT-066-01, OT-066-02, OT-066-03...

[67/150] 📦 Published BATCH: BATCH-CL-0067
   Category: carLoans
   Customers: 6
   Agreed: 3 (50%)
   Users: CL-067-01, CL-067-02, CL-067-03...

[68/150] 📦 Published BATCH: BATCH-NF-0068
   Category: nifty
   Customers: 8
   Agreed: 3 (37%)
   Users: NF-068-01, NF-068-02, NF-068-03...

[69/150] 📦 Published BATCH: BATCH-MF-0069
   Category: mutualFunds
   Customers: 7
   Agreed: 4 (57%)
   Users: MF-069-01, MF-069-02, MF-069-03...

[70/150] 📦 Published BATCH: BATCH-MF-0070
   Category: mutualFunds
   Customers: 8
   Agreed: 5 (62%)
   Users: MF-070-01, MF-070-02, MF-070-03...

[71/150] 📦 Published BATCH: BATCH-OT-0071
   Category: others
   Customers: 8
   Agreed: 5 (62%)
   Users: OT-071-01, OT-071-02, OT-071-03...

[72/150] 📦 Published BATCH: BATCH-MF-0072
   Category: mutualFunds
   Customers: 7
   Agreed: 6 (85%)
   Users: MF-072-01, MF-072-02, MF-072-03...

[73/150] 📦 Published BATCH: BATCH-NF-0073
   Category: nifty
   Customers: 6
   Agreed: 5 (83%)
   Users: NF-073-01, NF-073-02, NF-073-03...

[74/150] 📦 Published BATCH: BATCH-NF-0074
   Category: nifty
   Customers: 7
   Agreed: 3 (42%)
   Users: NF-074-01, NF-074-02, NF-074-03...

[75/150] 📦 Published BATCH: BATCH-NF-0075
   Category: nifty
   Customers: 8
   Agreed: 5 (62%)
   Users: NF-075-01, NF-075-02, NF-075-03...

🎯 Milestone: 75 batches published!

[76/150] 📦 Published BATCH: BATCH-OT-0076
   Category: others
   Customers: 7
   Agreed: 3 (42%)
   Users: OT-076-01, OT-076-02, OT-076-03...

[77/150] 📦 Published BATCH: BATCH-CL-0077
   Category: carLoans
   Customers: 7
   Agreed: 1 (14%)
   Users: CL-077-01, CL-077-02, CL-077-03...

[78/150] 📦 Published BATCH: BATCH-NF-0078
   Category: nifty
   Customers: 8
   Agreed: 5 (62%)
   Users: NF-078-01, NF-078-02, NF-078-03...

[79/150] 📦 Published BATCH: BATCH-OT-0079
   Category: others
   Customers: 7
   Agreed: 2 (28%)
   Users: OT-079-01, OT-079-02, OT-079-03...

[80/150] 📦 Published BATCH: BATCH-MF-0080
   Category: mutualFunds
   Customers: 8
   Agreed: 3 (37%)
   Users: MF-080-01, MF-080-02, MF-080-03...

[81/150] 📦 Published BATCH: BATCH-CL-0081
   Category: carLoans
   Customers: 8
   Agreed: 5 (62%)
   Users: CL-081-01, CL-081-02, CL-081-03...

[82/150] 📦 Published BATCH: BATCH-MF-0082
   Category: mutualFunds
   Customers: 7
   Agreed: 6 (85%)
   Users: MF-082-01, MF-082-02, MF-082-03...

[83/150] 📦 Published BATCH: BATCH-MF-0083
   Category: mutualFunds
   Customers: 7
   Agreed: 3 (42%)
   Users: MF-083-01, MF-083-02, MF-083-03...

[84/150] 📦 Published BATCH: BATCH-CL-0084
   Category: carLoans
   Customers: 6
   Agreed: 4 (66%)
   Users: CL-084-01, CL-084-02, CL-084-03...

[85/150] 📦 Published BATCH: BATCH-MF-0085
   Category: mutualFunds
   Customers: 6
   Agreed: 2 (33%)
   Users: MF-085-01, MF-085-02, MF-085-03...

[86/150] 📦 Published BATCH: BATCH-MF-0086
   Category: mutualFunds
   Customers: 6
   Agreed: 3 (50%)
   Users: MF-086-01, MF-086-02, MF-086-03...

[87/150] 📦 Published BATCH: BATCH-CL-0087
   Category: carLoans
   Customers: 6
   Agreed: 2 (33%)
   Users: CL-087-01, CL-087-02, CL-087-03...

[88/150] 📦 Published BATCH: BATCH-NF-0088
   Category: nifty
   Customers: 7
   Agreed: 4 (57%)
   Users: NF-088-01, NF-088-02, NF-088-03...

[89/150] 📦 Published BATCH: BATCH-NF-0089
   Category: nifty
   Customers: 7
   Agreed: 6 (85%)
   Users: NF-089-01, NF-089-02, NF-089-03...

[90/150] 📦 Published BATCH: BATCH-MF-0090
   Category: mutualFunds
   Customers: 6
   Agreed: 3 (50%)
   Users: MF-090-01, MF-090-02, MF-090-03...

[91/150] 📦 Published BATCH: BATCH-CL-0091
   Category: carLoans
   Customers: 8
   Agreed: 7 (87%)
   Users: CL-091-01, CL-091-02, CL-091-03...

[92/150] 📦 Published BATCH: BATCH-MF-0092
   Category: mutualFunds
   Customers: 6
   Agreed: 5 (83%)
   Users: MF-092-01, MF-092-02, MF-092-03...

[93/150] 📦 Published BATCH: BATCH-CL-0093
   Category: carLoans
   Customers: 8
   Agreed: 6 (75%)
   Users: CL-093-01, CL-093-02, CL-093-03...

[94/150] 📦 Published BATCH: BATCH-OT-0094
   Category: others
   Customers: 6
   Agreed: 6 (100%)
   Users: OT-094-01, OT-094-02, OT-094-03...

[95/150] 📦 Published BATCH: BATCH-MF-0095
   Category: mutualFunds
   Customers: 7
   Agreed: 3 (42%)
   Users: MF-095-01, MF-095-02, MF-095-03...

[96/150] 📦 Published BATCH: BATCH-MF-0096
   Category: mutualFunds
   Customers: 7
   Agreed: 2 (28%)
   Users: MF-096-01, MF-096-02, MF-096-03...

[97/150] 📦 Published BATCH: BATCH-CL-0097
   Category: carLoans
   Customers: 7
   Agreed: 4 (57%)
   Users: CL-097-01, CL-097-02, CL-097-03...

[98/150] 📦 Published BATCH: BATCH-MF-0098
   Category: mutualFunds
   Customers: 7
   Agreed: 5 (71%)
   Users: MF-098-01, MF-098-02, MF-098-03...

[99/150] 📦 Published BATCH: BATCH-NF-0099
   Category: nifty
   Customers: 6
   Agreed: 3 (50%)
   Users: NF-099-01, NF-099-02, NF-099-03...

[100/150] 📦 Published BATCH: BATCH-OT-0100
   Category: others
   Customers: 7
   Agreed: 6 (85%)
   Users: OT-100-01, OT-100-02, OT-100-03...

🎯 Milestone: 100 batches published!

[101/150] 📦 Published BATCH: BATCH-NF-0101
   Category: nifty
   Customers: 6
   Agreed: 2 (33%)
   Users: NF-101-01, NF-101-02, NF-101-03...

[102/150] 📦 Published BATCH: BATCH-NF-0102
   Category: nifty
   Customers: 7
   Agreed: 4 (57%)
   Users: NF-102-01, NF-102-02, NF-102-03...

[103/150] 📦 Published BATCH: BATCH-NF-0103
   Category: nifty
   Customers: 8
   Agreed: 2 (25%)
   Users: NF-103-01, NF-103-02, NF-103-03...

[104/150] 📦 Published BATCH: BATCH-NF-0104
   Category: nifty
   Customers: 6
   Agreed: 3 (50%)
   Users: NF-104-01, NF-104-02, NF-104-03...

[105/150] 📦 Published BATCH: BATCH-MF-0105
   Category: mutualFunds
   Customers: 7
   Agreed: 4 (57%)
   Users: MF-105-01, MF-105-02, MF-105-03...

[106/150] 📦 Published BATCH: BATCH-CL-0106
   Category: carLoans
   Customers: 6
   Agreed: 1 (16%)
   Users: CL-106-01, CL-106-02, CL-106-03...

[107/150] 📦 Published BATCH: BATCH-CL-0107